cron fired at Wed Sep 10 06:47:01 PM EEST 2025
cron fired at Wed Sep 10 06:49:01 PM EEST 2025
cron fired at Wed Sep 10 06:50:02 PM EEST 2025
cron fired at Wed Sep 10 06:51:01 PM EEST 2025
/home/tuukka
/usr/bin/python3
Python 3.12.3
----- Wed Sep 10 06:53:01 PM EEST 2025 -----
/home/tuukka
/usr/bin/python3
Python 3.12.3
----- Wed Sep 10 06:54:01 PM EEST 2025 -----
/home/tuukka
/usr/bin/python3
Python 3.12.3
----- Wed Sep 10 06:55:01 PM EEST 2025 -----
/home/tuukka
/usr/bin/python3
Python 3.12.3
----- Wed Sep 10 06:56:01 PM EEST 2025 -----
/home/tuukka
/usr/bin/python3
Python 3.12.3
----- Wed Sep 10 06:57:01 PM EEST 2025 -----
