nohup: ignoring input

Collecting usage statistics. To deactivate, set browser.gatherUsageStats to false.


  You can now view your Streamlit app in your browser.

  Local URL: http://localhost:8501
  Network URL: http://192.168.1.137:8501
  External URL: http://85.23.187.152:8501

2025-08-12 18:37:55.154 Uncaught app execution
Traceback (most recent call last):
  File "/home/tuukka/python_scripts/etuovi/venv/lib/python3.12/site-packages/streamlit/runtime/scriptrunner/exec_code.py", line 128, in exec_func_with_error_handling
    result = func()
             ^^^^^^
  File "/home/tuukka/python_scripts/etuovi/venv/lib/python3.12/site-packages/streamlit/runtime/scriptrunner/script_runner.py", line 669, in code_to_exec
    exec(code, module.__dict__)  # noqa: S102
    ^^^^^^^^^^^^^^^^^^^^^^^^^^^
  File "/home/tuukka/python_scripts/etuovi/df_streamlit.py", line 43, in <module>
    df = df[['url','huoneita','hinta','neliohinta','hoitovastike','neliovastike','yhtiovastike_yhteensa','katuosoite','Tyyppi', 'Asuintilojen pinta-ala', 'Kerrokset', 'Tontin omistus','active']]
         ~~^^^^^^^^^^^^^^^^^^^^^^^^^^^^^^^^^^^^^^^^^^^^^^^^^^^^^^^^^^^^^^^^^^^^^^^^^^^^^^^^^^^^^^^^^^^^^^^^^^^^^^^^^^^^^^^^^^^^^^^^^^^^^^^^^^^^^^^^^^^^^^^^^^^^^^^^^^^^^^^^^^^^^^^^^^^^^^^^^^^^^^^
  File "/home/tuukka/python_scripts/etuovi/venv/lib/python3.12/site-packages/pandas/core/frame.py", line 4113, in __getitem__
    indexer = self.columns._get_indexer_strict(key, "columns")[1]
              ^^^^^^^^^^^^^^^^^^^^^^^^^^^^^^^^^^^^^^^^^^^^^^^^
  File "/home/tuukka/python_scripts/etuovi/venv/lib/python3.12/site-packages/pandas/core/indexes/base.py", line 6212, in _get_indexer_strict
    self._raise_if_missing(keyarr, indexer, axis_name)
  File "/home/tuukka/python_scripts/etuovi/venv/lib/python3.12/site-packages/pandas/core/indexes/base.py", line 6264, in _raise_if_missing
    raise KeyError(f"{not_found} not in index")
KeyError: "['huoneita', 'neliohinta', 'neliovastike', 'katuosoite'] not in index"
Locale not set
Locale not set
Locale not set
  Stopping...
