/home/tuukka/python_scripts/etuovi/get_listings.py:453: FutureWarning: Setting an item of incompatible dtype is deprecated and will raise an error in a future version of pandas. Value '1994' has dtype incompatible with float64, please explicitly cast to a compatible dtype first.
  df_combined.at[idx, key] = value
/home/tuukka/python_scripts/etuovi/get_listings.py:453: FutureWarning: Setting an item of incompatible dtype is deprecated and will raise an error in a future version of pandas. Value '1994' has dtype incompatible with float64, please explicitly cast to a compatible dtype first.
  df_combined.at[idx, key] = value
/home/tuukka/python_scripts/etuovi/get_listings.py:453: FutureWarning: Setting an item of incompatible dtype is deprecated and will raise an error in a future version of pandas. Value '5' has dtype incompatible with float64, please explicitly cast to a compatible dtype first.
  df_combined.at[idx, key] = value
Käyttäjä: tuukka
HOME: /home/tuukka
Ei spotlight-mainosta tällä sivulla.
https://www.etuovi.com/myytavat-asunnot/oulu/heinapaa?haku=M2284191086
Siirrytään sivulle..
Sivu ladattu!
Cookies-popup error
An error occurred: Message: 
Stacktrace:
RemoteError@chrome://remote/content/shared/RemoteError.sys.mjs:8:8
WebDriverError@chrome://remote/content/shared/webdriver/Errors.sys.mjs:199:5
NoSuchElementError@chrome://remote/content/shared/webdriver/Errors.sys.mjs:552:5
dom.find/</<@chrome://remote/content/shared/DOM.sys.mjs:136:16


Käsitellään sivu 1: https://www.etuovi.com/myytavat-asunnot/oulu/heinapaa?haku=M2284191086&sivu=1
Spotlight-mainos poistettu.
Löytyi 30 uutta linkkiä

Käsitellään sivu 2: https://www.etuovi.com/myytavat-asunnot/oulu/heinapaa?haku=M2284191086&sivu=2
Spotlight-mainos poistettu.
Löytyi 29 uutta linkkiä

Käsitellään sivu 3: https://www.etuovi.com/myytavat-asunnot/oulu/heinapaa?haku=M2284191086&sivu=3
Spotlight-mainos poistettu.
Löytyi 0 uutta linkkiä
Ei uusia linkkejä – lopetetaan.
Writing 59 rows to csv
Save complete!
Execution time: 42.63 seconds
2025-09-05 03:01:13.000656
