csv for streamlit saved with 80 rows on 2025-09-11 03:15:02.701677
Traceback (most recent call last):
  File "/home/tuukka/python_scripts/etuovi/rajakyla/modify_all_listings_for_streamlit.py", line 2, in <module>
    import pandas as pd
ModuleNotFoundError: No module named 'pandas'
Traceback (most recent call last):
  File "/home/tuukka/python_scripts/etuovi/rajakyla/modify_all_listings_for_streamlit.py", line 2, in <module>
    import pandas as pd
ModuleNotFoundError: No module named 'pandas'
Traceback (most recent call last):
  File "/home/tuukka/python_scripts/etuovi/rajakyla/modify_all_listings_for_streamlit.py", line 2, in <module>
    import pandas as pd
ModuleNotFoundError: No module named 'pandas'
Traceback (most recent call last):
  File "/home/tuukka/python_scripts/etuovi/rajakyla/modify_all_listings_for_streamlit.py", line 2, in <module>
    import pandas as pd
ModuleNotFoundError: No module named 'pandas'
Traceback (most recent call last):
  File "/home/tuukka/python_scripts/etuovi/rajakyla/modify_all_listings_for_streamlit.py", line 2, in <module>
    import pandas as pd
ModuleNotFoundError: No module named 'pandas'
